
Allocating common symbols
Common symbol       size              file

taskB_stk           0x200             ..\obj\CoOS App Framework.o
taskC_stk           0x200             ..\obj\CoOS App Framework.o
taskA_stk           0x200             ..\obj\CoOS App Framework.o

Discarded input sections

 .text          0x00000000        0x0 ..\obj\stm32f10x_tim.o
 .data          0x00000000        0x0 ..\obj\stm32f10x_tim.o
 .bss           0x00000000        0x0 ..\obj\stm32f10x_tim.o
 .text.TIM_DeInit
                0x00000000      0x22c ..\obj\stm32f10x_tim.o
 .text.TIM_TimeBaseInit
                0x00000000       0xf8 ..\obj\stm32f10x_tim.o
 .text.TIM_OC1Init
                0x00000000      0x118 ..\obj\stm32f10x_tim.o
 .text.TIM_OC2Init
                0x00000000      0x110 ..\obj\stm32f10x_tim.o
 .text.TIM_OC3Init
                0x00000000      0x10c ..\obj\stm32f10x_tim.o
 .text.TIM_OC4Init
                0x00000000       0xd0 ..\obj\stm32f10x_tim.o
 .text.TIM_ICInit
                0x00000000       0xa8 ..\obj\stm32f10x_tim.o
 .text.TIM_PWMIConfig
                0x00000000       0xb8 ..\obj\stm32f10x_tim.o
 .text.TIM_BDTRConfig
                0x00000000       0x50 ..\obj\stm32f10x_tim.o
 .text.TIM_TimeBaseStructInit
                0x00000000       0x34 ..\obj\stm32f10x_tim.o
 .text.TIM_OCStructInit
                0x00000000       0x44 ..\obj\stm32f10x_tim.o
 .text.TIM_ICStructInit
                0x00000000       0x30 ..\obj\stm32f10x_tim.o
 .text.TIM_BDTRStructInit
                0x00000000       0x3c ..\obj\stm32f10x_tim.o
 .text.TIM_Cmd  0x00000000       0x40 ..\obj\stm32f10x_tim.o
 .text.TIM_CtrlPWMOutputs
                0x00000000       0x4c ..\obj\stm32f10x_tim.o
 .text.TIM_ITConfig
                0x00000000       0x48 ..\obj\stm32f10x_tim.o
 .text.TIM_GenerateEvent
                0x00000000       0x1c ..\obj\stm32f10x_tim.o
 .text.TIM_DMAConfig
                0x00000000       0x28 ..\obj\stm32f10x_tim.o
 .text.TIM_DMACmd
                0x00000000       0x48 ..\obj\stm32f10x_tim.o
 .text.TIM_InternalClockConfig
                0x00000000       0x24 ..\obj\stm32f10x_tim.o
 .text.TIM_ITRxExternalClockConfig
                0x00000000       0x30 ..\obj\stm32f10x_tim.o
 .text.TIM_TIxExternalClockConfig
                0x00000000       0x5c ..\obj\stm32f10x_tim.o
 .text.TIM_ETRClockMode1Config
                0x00000000       0x60 ..\obj\stm32f10x_tim.o
 .text.TIM_ETRClockMode2Config
                0x00000000       0x40 ..\obj\stm32f10x_tim.o
 .text.TIM_ETRConfig
                0x00000000       0x54 ..\obj\stm32f10x_tim.o
 .text.TIM_PrescalerConfig
                0x00000000       0x28 ..\obj\stm32f10x_tim.o
 .text.TIM_CounterModeConfig
                0x00000000       0x38 ..\obj\stm32f10x_tim.o
 .text.TIM_SelectInputTrigger
                0x00000000       0x38 ..\obj\stm32f10x_tim.o
 .text.TIM_EncoderInterfaceConfig
                0x00000000       0x98 ..\obj\stm32f10x_tim.o
 .text.TIM_ForcedOC1Config
                0x00000000       0x38 ..\obj\stm32f10x_tim.o
 .text.TIM_ForcedOC2Config
                0x00000000       0x3c ..\obj\stm32f10x_tim.o
 .text.TIM_ForcedOC3Config
                0x00000000       0x38 ..\obj\stm32f10x_tim.o
 .text.TIM_ForcedOC4Config
                0x00000000       0x3c ..\obj\stm32f10x_tim.o
 .text.TIM_ARRPreloadConfig
                0x00000000       0x40 ..\obj\stm32f10x_tim.o
 .text.TIM_SelectCOM
                0x00000000       0x40 ..\obj\stm32f10x_tim.o
 .text.TIM_SelectCCDMA
                0x00000000       0x40 ..\obj\stm32f10x_tim.o
 .text.TIM_CCPreloadControl
                0x00000000       0x40 ..\obj\stm32f10x_tim.o
 .text.TIM_OC1PreloadConfig
                0x00000000       0x38 ..\obj\stm32f10x_tim.o
 .text.TIM_OC2PreloadConfig
                0x00000000       0x3c ..\obj\stm32f10x_tim.o
 .text.TIM_OC3PreloadConfig
                0x00000000       0x38 ..\obj\stm32f10x_tim.o
 .text.TIM_OC4PreloadConfig
                0x00000000       0x3c ..\obj\stm32f10x_tim.o
 .text.TIM_OC1FastConfig
                0x00000000       0x38 ..\obj\stm32f10x_tim.o
 .text.TIM_OC2FastConfig
                0x00000000       0x3c ..\obj\stm32f10x_tim.o
 .text.TIM_OC3FastConfig
                0x00000000       0x38 ..\obj\stm32f10x_tim.o
 .text.TIM_OC4FastConfig
                0x00000000       0x3c ..\obj\stm32f10x_tim.o
 .text.TIM_ClearOC1Ref
                0x00000000       0x38 ..\obj\stm32f10x_tim.o
 .text.TIM_ClearOC2Ref
                0x00000000       0x3c ..\obj\stm32f10x_tim.o
 .text.TIM_ClearOC3Ref
                0x00000000       0x38 ..\obj\stm32f10x_tim.o
 .text.TIM_ClearOC4Ref
                0x00000000       0x3c ..\obj\stm32f10x_tim.o
 .text.TIM_OC1PolarityConfig
                0x00000000       0x38 ..\obj\stm32f10x_tim.o
 .text.TIM_OC1NPolarityConfig
                0x00000000       0x38 ..\obj\stm32f10x_tim.o
 .text.TIM_OC2PolarityConfig
                0x00000000       0x3c ..\obj\stm32f10x_tim.o
 .text.TIM_OC2NPolarityConfig
                0x00000000       0x3c ..\obj\stm32f10x_tim.o
 .text.TIM_OC3PolarityConfig
                0x00000000       0x3c ..\obj\stm32f10x_tim.o
 .text.TIM_OC3NPolarityConfig
                0x00000000       0x3c ..\obj\stm32f10x_tim.o
 .text.TIM_OC4PolarityConfig
                0x00000000       0x3c ..\obj\stm32f10x_tim.o
 .text.TIM_CCxCmd
                0x00000000       0x54 ..\obj\stm32f10x_tim.o
 .text.TIM_CCxNCmd
                0x00000000       0x54 ..\obj\stm32f10x_tim.o
 .text.TIM_SelectOCxM
                0x00000000       0xac ..\obj\stm32f10x_tim.o
 .text.TIM_UpdateDisableConfig
                0x00000000       0x40 ..\obj\stm32f10x_tim.o
 .text.TIM_UpdateRequestConfig
                0x00000000       0x40 ..\obj\stm32f10x_tim.o
 .text.TIM_SelectHallSensor
                0x00000000       0x40 ..\obj\stm32f10x_tim.o
 .text.TIM_SelectOnePulseMode
                0x00000000       0x38 ..\obj\stm32f10x_tim.o
 .text.TIM_SelectOutputTrigger
                0x00000000       0x38 ..\obj\stm32f10x_tim.o
 .text.TIM_SelectSlaveMode
                0x00000000       0x38 ..\obj\stm32f10x_tim.o
 .text.TIM_SelectMasterSlaveMode
                0x00000000       0x38 ..\obj\stm32f10x_tim.o
 .text.TIM_SetCounter
                0x00000000       0x1c ..\obj\stm32f10x_tim.o
 .text.TIM_SetAutoreload
                0x00000000       0x1c ..\obj\stm32f10x_tim.o
 .text.TIM_SetCompare1
                0x00000000       0x1c ..\obj\stm32f10x_tim.o
 .text.TIM_SetCompare2
                0x00000000       0x1c ..\obj\stm32f10x_tim.o
 .text.TIM_SetCompare3
                0x00000000       0x1c ..\obj\stm32f10x_tim.o
 .text.TIM_SetCompare4
                0x00000000       0x20 ..\obj\stm32f10x_tim.o
 .text.TIM_SetIC1Prescaler
                0x00000000       0x38 ..\obj\stm32f10x_tim.o
 .text.TIM_SetIC2Prescaler
                0x00000000       0x3c ..\obj\stm32f10x_tim.o
 .text.TIM_SetIC3Prescaler
                0x00000000       0x38 ..\obj\stm32f10x_tim.o
 .text.TIM_SetIC4Prescaler
                0x00000000       0x3c ..\obj\stm32f10x_tim.o
 .text.TIM_SetClockDivision
                0x00000000       0x38 ..\obj\stm32f10x_tim.o
 .text.TIM_GetCapture1
                0x00000000       0x18 ..\obj\stm32f10x_tim.o
 .text.TIM_GetCapture2
                0x00000000       0x18 ..\obj\stm32f10x_tim.o
 .text.TIM_GetCapture3
                0x00000000       0x18 ..\obj\stm32f10x_tim.o
 .text.TIM_GetCapture4
                0x00000000       0x1c ..\obj\stm32f10x_tim.o
 .text.TIM_GetCounter
                0x00000000       0x18 ..\obj\stm32f10x_tim.o
 .text.TIM_GetPrescaler
                0x00000000       0x18 ..\obj\stm32f10x_tim.o
 .text.TIM_GetFlagStatus
                0x00000000       0x38 ..\obj\stm32f10x_tim.o
 .text.TIM_ClearFlag
                0x00000000       0x20 ..\obj\stm32f10x_tim.o
 .text.TIM_GetITStatus
                0x00000000       0x54 ..\obj\stm32f10x_tim.o
 .text.TIM_ClearITPendingBit
                0x00000000       0x20 ..\obj\stm32f10x_tim.o
 .text.TI1_Config
                0x00000000       0xe0 ..\obj\stm32f10x_tim.o
 .text.TI2_Config
                0x00000000       0xf4 ..\obj\stm32f10x_tim.o
 .text.TI3_Config
                0x00000000       0xec ..\obj\stm32f10x_tim.o
 .text.TI4_Config
                0x00000000       0xf8 ..\obj\stm32f10x_tim.o
 .debug_info    0x00000000     0x1c60 ..\obj\stm32f10x_tim.o
 .debug_abbrev  0x00000000      0x1b2 ..\obj\stm32f10x_tim.o
 .debug_aranges
                0x00000000      0x2f0 ..\obj\stm32f10x_tim.o
 .debug_ranges  0x00000000      0x2e0 ..\obj\stm32f10x_tim.o
 .debug_line    0x00000000      0xb2c ..\obj\stm32f10x_tim.o
 .debug_str     0x00000000      0xddb ..\obj\stm32f10x_tim.o
 .comment       0x00000000       0x6f ..\obj\stm32f10x_tim.o
 .debug_frame   0x00000000      0xe2c ..\obj\stm32f10x_tim.o
 .ARM.attributes
                0x00000000       0x33 ..\obj\stm32f10x_tim.o
 .text          0x00000000        0x0 ..\obj\kernelHeap.o
 .data          0x00000000        0x0 ..\obj\kernelHeap.o
 .text.CoKmalloc
                0x00000000      0x16c ..\obj\kernelHeap.o
 .text.CoKfree  0x00000000      0x2e0 ..\obj\kernelHeap.o
 .text.GetPreFMB
                0x00000000       0x30 ..\obj\kernelHeap.o
 .text          0x00000000        0x0 ..\obj\core.o
 .data          0x00000000        0x0 ..\obj\core.o
 .text.CoEnterISR
                0x00000000       0x14 ..\obj\core.o
 .text.CoExitISR
                0x00000000       0x50 ..\obj\core.o
 .text.CoSchedLock
                0x00000000       0x20 ..\obj\core.o
 .text.CoSchedUnlock
                0x00000000        0xc ..\obj\core.o
 .text.CoGetOSVersion
                0x00000000       0x10 ..\obj\core.o
 .text          0x00000000        0x0 ..\obj\timer.o
 .data          0x00000000        0x0 ..\obj\timer.o
 .text.CoCreateTmr
                0x00000000      0x134 ..\obj\timer.o
 .text.CoStartTmr
                0x00000000       0x74 ..\obj\timer.o
 .text.CoStopTmr
                0x00000000       0x74 ..\obj\timer.o
 .text.CoDelTmr
                0x00000000       0x74 ..\obj\timer.o
 .text.CoGetCurTmrCnt
                0x00000000       0x64 ..\obj\timer.o
 .text.CoSetTmrCnt
                0x00000000       0x90 ..\obj\timer.o
 .text          0x00000000        0x0 ..\obj\utility.o
 .data          0x00000000        0x0 ..\obj\utility.o
 .bss           0x00000000        0x0 ..\obj\utility.o
 .text.CoTickToTime
                0x00000000       0xa8 ..\obj\utility.o
 .text.CoTimeToTick
                0x00000000       0x88 ..\obj\utility.o
 .debug_info    0x00000000      0x168 ..\obj\utility.o
 .debug_abbrev  0x00000000       0xae ..\obj\utility.o
 .debug_aranges
                0x00000000       0x28 ..\obj\utility.o
 .debug_ranges  0x00000000       0x18 ..\obj\utility.o
 .debug_line    0x00000000       0x96 ..\obj\utility.o
 .debug_str     0x00000000      0x168 ..\obj\utility.o
 .comment       0x00000000       0x6f ..\obj\utility.o
 .debug_frame   0x00000000       0x60 ..\obj\utility.o
 .ARM.attributes
                0x00000000       0x33 ..\obj\utility.o
 .text          0x00000000        0x0 ..\obj\system_stm32f10x.o
 .data          0x00000000       0x14 ..\obj\system_stm32f10x.o
 .bss           0x00000000        0x0 ..\obj\system_stm32f10x.o
 .text.SystemCoreClockUpdate
                0x00000000       0xd8 ..\obj\system_stm32f10x.o
 .text          0x00000000        0x0 ..\obj\startup_stm32f10x_hd.o
 .data          0x00000000        0x0 ..\obj\startup_stm32f10x_hd.o
 .bss           0x00000000        0x0 ..\obj\startup_stm32f10x_hd.o
 .text          0x00000000        0x0 ..\obj\task.o
 .data          0x00000000        0x0 ..\obj\task.o
 .text.CoSetPriority
                0x00000000      0x1c0 ..\obj\task.o
 .text.CoDelTask
                0x00000000      0x114 ..\obj\task.o
 .text.CoExitTask
                0x00000000       0x18 ..\obj\task.o
 .text.CoGetCurTaskID
                0x00000000       0x18 ..\obj\task.o
 .text.CoSuspendTask
                0x00000000       0x9c ..\obj\task.o
 .text.CoAwakeTask
                0x00000000       0xa0 ..\obj\task.o
 .text          0x00000000        0x0 ..\obj\stm32f10x_gpio.o
 .data          0x00000000        0x0 ..\obj\stm32f10x_gpio.o
 .bss           0x00000000        0x0 ..\obj\stm32f10x_gpio.o
 .text.GPIO_DeInit
                0x00000000       0xe4 ..\obj\stm32f10x_gpio.o
 .text.GPIO_AFIODeInit
                0x00000000       0x18 ..\obj\stm32f10x_gpio.o
 .text.GPIO_Init
                0x00000000      0x178 ..\obj\stm32f10x_gpio.o
 .text.GPIO_StructInit
                0x00000000       0x28 ..\obj\stm32f10x_gpio.o
 .text.GPIO_ReadInputDataBit
                0x00000000       0x34 ..\obj\stm32f10x_gpio.o
 .text.GPIO_ReadInputData
                0x00000000       0x18 ..\obj\stm32f10x_gpio.o
 .text.GPIO_ReadOutputDataBit
                0x00000000       0x34 ..\obj\stm32f10x_gpio.o
 .text.GPIO_ReadOutputData
                0x00000000       0x18 ..\obj\stm32f10x_gpio.o
 .text.GPIO_SetBits
                0x00000000       0x1c ..\obj\stm32f10x_gpio.o
 .text.GPIO_ResetBits
                0x00000000       0x1c ..\obj\stm32f10x_gpio.o
 .text.GPIO_WriteBit
                0x00000000       0x30 ..\obj\stm32f10x_gpio.o
 .text.GPIO_Write
                0x00000000       0x1c ..\obj\stm32f10x_gpio.o
 .text.GPIO_PinLockConfig
                0x00000000       0x44 ..\obj\stm32f10x_gpio.o
 .text.GPIO_EventOutputConfig
                0x00000000       0x4c ..\obj\stm32f10x_gpio.o
 .text.GPIO_EventOutputCmd
                0x00000000       0x20 ..\obj\stm32f10x_gpio.o
 .text.GPIO_PinRemapConfig
                0x00000000       0xe0 ..\obj\stm32f10x_gpio.o
 .text.GPIO_EXTILineConfig
                0x00000000       0x84 ..\obj\stm32f10x_gpio.o
 .text.GPIO_ETH_MediaInterfaceConfig
                0x00000000       0x1c ..\obj\stm32f10x_gpio.o
 .debug_info    0x00000000      0x6f6 ..\obj\stm32f10x_gpio.o
 .debug_abbrev  0x00000000      0x1cc ..\obj\stm32f10x_gpio.o
 .debug_aranges
                0x00000000       0xa8 ..\obj\stm32f10x_gpio.o
 .debug_ranges  0x00000000       0x98 ..\obj\stm32f10x_gpio.o
 .debug_line    0x00000000      0x3ac ..\obj\stm32f10x_gpio.o
 .debug_str     0x00000000      0x517 ..\obj\stm32f10x_gpio.o
 .comment       0x00000000       0x6f ..\obj\stm32f10x_gpio.o
 .debug_frame   0x00000000      0x2d0 ..\obj\stm32f10x_gpio.o
 .ARM.attributes
                0x00000000       0x33 ..\obj\stm32f10x_gpio.o
 .text          0x00000000        0x0 ..\obj\serviceReq.o
 .data          0x00000000        0x0 ..\obj\serviceReq.o
 .text.InsertInSRQ
                0x00000000       0x8c ..\obj\serviceReq.o
 .text          0x00000000        0x0 ..\obj\main.o
 .data          0x00000000        0x0 ..\obj\main.o
 .bss           0x00000000        0x0 ..\obj\main.o
 .debug_line    0x00000000        0x0 ..\obj\main.o
 .debug_str     0x00000000       0x9e ..\obj\main.o
 .comment       0x00000000       0x6f ..\obj\main.o
 .ARM.attributes
                0x00000000       0x33 ..\obj\main.o
 .text          0x00000000        0x0 ..\obj\CoOS App Framework.o
 .data          0x00000000        0x0 ..\obj\CoOS App Framework.o
 .bss           0x00000000        0x0 ..\obj\CoOS App Framework.o
 .text          0x00000000        0x0 ..\obj\stm32f10x_rcc.o
 .data          0x00000000       0x14 ..\obj\stm32f10x_rcc.o
 .bss           0x00000000        0x0 ..\obj\stm32f10x_rcc.o
 .text.RCC_DeInit
                0x00000000       0x5c ..\obj\stm32f10x_rcc.o
 .text.RCC_HSEConfig
                0x00000000       0x5c ..\obj\stm32f10x_rcc.o
 .text.RCC_WaitForHSEStartUp
                0x00000000       0x50 ..\obj\stm32f10x_rcc.o
 .text.RCC_AdjustHSICalibrationValue
                0x00000000       0x3c ..\obj\stm32f10x_rcc.o
 .text.RCC_HSICmd
                0x00000000       0x20 ..\obj\stm32f10x_rcc.o
 .text.RCC_PLLConfig
                0x00000000       0x3c ..\obj\stm32f10x_rcc.o
 .text.RCC_PLLCmd
                0x00000000       0x20 ..\obj\stm32f10x_rcc.o
 .text.RCC_SYSCLKConfig
                0x00000000       0x38 ..\obj\stm32f10x_rcc.o
 .text.RCC_GetSYSCLKSource
                0x00000000       0x1c ..\obj\stm32f10x_rcc.o
 .text.RCC_HCLKConfig
                0x00000000       0x38 ..\obj\stm32f10x_rcc.o
 .text.RCC_PCLK1Config
                0x00000000       0x38 ..\obj\stm32f10x_rcc.o
 .text.RCC_PCLK2Config
                0x00000000       0x38 ..\obj\stm32f10x_rcc.o
 .text.RCC_ITConfig
                0x00000000       0x4c ..\obj\stm32f10x_rcc.o
 .text.RCC_USBCLKConfig
                0x00000000       0x1c ..\obj\stm32f10x_rcc.o
 .text.RCC_ADCCLKConfig
                0x00000000       0x38 ..\obj\stm32f10x_rcc.o
 .text.RCC_LSEConfig
                0x00000000       0x40 ..\obj\stm32f10x_rcc.o
 .text.RCC_LSICmd
                0x00000000       0x20 ..\obj\stm32f10x_rcc.o
 .text.RCC_RTCCLKConfig
                0x00000000       0x24 ..\obj\stm32f10x_rcc.o
 .text.RCC_RTCCLKCmd
                0x00000000       0x20 ..\obj\stm32f10x_rcc.o
 .text.RCC_GetClocksFreq
                0x00000000      0x160 ..\obj\stm32f10x_rcc.o
 .text.RCC_AHBPeriphClockCmd
                0x00000000       0x3c ..\obj\stm32f10x_rcc.o
 .text.RCC_APB2PeriphClockCmd
                0x00000000       0x3c ..\obj\stm32f10x_rcc.o
 .text.RCC_APB1PeriphClockCmd
                0x00000000       0x3c ..\obj\stm32f10x_rcc.o
 .text.RCC_APB2PeriphResetCmd
                0x00000000       0x3c ..\obj\stm32f10x_rcc.o
 .text.RCC_APB1PeriphResetCmd
                0x00000000       0x3c ..\obj\stm32f10x_rcc.o
 .text.RCC_BackupResetCmd
                0x00000000       0x20 ..\obj\stm32f10x_rcc.o
 .text.RCC_ClockSecuritySystemCmd
                0x00000000       0x20 ..\obj\stm32f10x_rcc.o
 .text.RCC_MCOConfig
                0x00000000       0x20 ..\obj\stm32f10x_rcc.o
 .text.RCC_GetFlagStatus
                0x00000000       0x74 ..\obj\stm32f10x_rcc.o
 .text.RCC_ClearFlag
                0x00000000       0x1c ..\obj\stm32f10x_rcc.o
 .text.RCC_GetITStatus
                0x00000000       0x34 ..\obj\stm32f10x_rcc.o
 .text.RCC_ClearITPendingBit
                0x00000000       0x20 ..\obj\stm32f10x_rcc.o
 .debug_info    0x00000000      0x8a3 ..\obj\stm32f10x_rcc.o
 .debug_abbrev  0x00000000      0x1bc ..\obj\stm32f10x_rcc.o
 .debug_aranges
                0x00000000      0x118 ..\obj\stm32f10x_rcc.o
 .debug_ranges  0x00000000      0x108 ..\obj\stm32f10x_rcc.o
 .debug_line    0x00000000      0x4a7 ..\obj\stm32f10x_rcc.o
 .debug_str     0x00000000      0x618 ..\obj\stm32f10x_rcc.o
 .comment       0x00000000       0x6f ..\obj\stm32f10x_rcc.o
 .debug_frame   0x00000000      0x4f4 ..\obj\stm32f10x_rcc.o
 .ARM.attributes
                0x00000000       0x33 ..\obj\stm32f10x_rcc.o
 .text          0x00000000        0x0 ..\obj\mbox.o
 .data          0x00000000        0x0 ..\obj\mbox.o
 .bss           0x00000000        0x0 ..\obj\mbox.o
 .text.CoCreateMbox
                0x00000000       0x34 ..\obj\mbox.o
 .text.CoDelMbox
                0x00000000       0x50 ..\obj\mbox.o
 .text.CoAcceptMail
                0x00000000       0x90 ..\obj\mbox.o
 .text.CoPendMail
                0x00000000      0x15c ..\obj\mbox.o
 .text.isr_PostMail
                0x00000000       0x48 ..\obj\mbox.o
 .text          0x00000000        0x0 ..\obj\mm.o
 .data          0x00000000        0x0 ..\obj\mm.o
 .bss           0x00000000       0x24 ..\obj\mm.o
 .text.CoCreateMemPartition
                0x00000000      0x110 ..\obj\mm.o
 .text.CoDelMemoryPartition
                0x00000000       0x8c ..\obj\mm.o
 .text.CoGetFreeBlockNum
                0x00000000       0x90 ..\obj\mm.o
 .text.CoGetMemoryBuffer
                0x00000000       0x7c ..\obj\mm.o
 .text.CoFreeMemoryBuffer
                0x00000000       0xc8 ..\obj\mm.o
 .debug_info    0x00000000      0x304 ..\obj\mm.o
 .debug_abbrev  0x00000000      0x112 ..\obj\mm.o
 .debug_aranges
                0x00000000       0x40 ..\obj\mm.o
 .debug_ranges  0x00000000       0x30 ..\obj\mm.o
 .debug_line    0x00000000      0x141 ..\obj\mm.o
 .debug_str     0x00000000      0x22f ..\obj\mm.o
 .comment       0x00000000       0x6f ..\obj\mm.o
 .debug_frame   0x00000000       0xc4 ..\obj\mm.o
 .ARM.attributes
                0x00000000       0x33 ..\obj\mm.o
 .text          0x00000000        0x0 ..\obj\stm32f10x_adc.o
 .data          0x00000000        0x0 ..\obj\stm32f10x_adc.o
 .bss           0x00000000        0x0 ..\obj\stm32f10x_adc.o
 .text.ADC_DeInit
                0x00000000       0x74 ..\obj\stm32f10x_adc.o
 .text.ADC_Init
                0x00000000       0xa4 ..\obj\stm32f10x_adc.o
 .text.ADC_StructInit
                0x00000000       0x38 ..\obj\stm32f10x_adc.o
 .text.ADC_Cmd  0x00000000       0x38 ..\obj\stm32f10x_adc.o
 .text.ADC_DMACmd
                0x00000000       0x38 ..\obj\stm32f10x_adc.o
 .text.ADC_ITConfig
                0x00000000       0x44 ..\obj\stm32f10x_adc.o
 .text.ADC_ResetCalibration
                0x00000000       0x20 ..\obj\stm32f10x_adc.o
 .text.ADC_GetResetCalibrationStatus
                0x00000000       0x30 ..\obj\stm32f10x_adc.o
 .text.ADC_StartCalibration
                0x00000000       0x20 ..\obj\stm32f10x_adc.o
 .text.ADC_GetCalibrationStatus
                0x00000000       0x30 ..\obj\stm32f10x_adc.o
 .text.ADC_SoftwareStartConvCmd
                0x00000000       0x38 ..\obj\stm32f10x_adc.o
 .text.ADC_GetSoftwareStartConvStatus
                0x00000000       0x30 ..\obj\stm32f10x_adc.o
 .text.ADC_DiscModeChannelCountConfig
                0x00000000       0x44 ..\obj\stm32f10x_adc.o
 .text.ADC_DiscModeCmd
                0x00000000       0x38 ..\obj\stm32f10x_adc.o
 .text.ADC_RegularChannelConfig
                0x00000000      0x194 ..\obj\stm32f10x_adc.o
 .text.ADC_ExternalTrigConvCmd
                0x00000000       0x38 ..\obj\stm32f10x_adc.o
 .text.ADC_GetConversionValue
                0x00000000       0x18 ..\obj\stm32f10x_adc.o
 .text.ADC_GetDualModeConversionValue
                0x00000000       0x14 ..\obj\stm32f10x_adc.o
 .text.ADC_AutoInjectedConvCmd
                0x00000000       0x38 ..\obj\stm32f10x_adc.o
 .text.ADC_InjectedDiscModeCmd
                0x00000000       0x38 ..\obj\stm32f10x_adc.o
 .text.ADC_ExternalTrigInjectedConvConfig
                0x00000000       0x34 ..\obj\stm32f10x_adc.o
 .text.ADC_ExternalTrigInjectedConvCmd
                0x00000000       0x38 ..\obj\stm32f10x_adc.o
 .text.ADC_SoftwareStartInjectedConvCmd
                0x00000000       0x38 ..\obj\stm32f10x_adc.o
 .text.ADC_GetSoftwareStartInjectedConvCmdStatus
                0x00000000       0x30 ..\obj\stm32f10x_adc.o
 .text.ADC_InjectedChannelConfig
                0x00000000      0x120 ..\obj\stm32f10x_adc.o
 .text.ADC_InjectedSequencerLengthConfig
                0x00000000       0x44 ..\obj\stm32f10x_adc.o
 .text.ADC_SetInjectedOffset
                0x00000000       0x34 ..\obj\stm32f10x_adc.o
 .text.ADC_GetInjectedConversionValue
                0x00000000       0x30 ..\obj\stm32f10x_adc.o
 .text.ADC_AnalogWatchdogCmd
                0x00000000       0x38 ..\obj\stm32f10x_adc.o
 .text.ADC_AnalogWatchdogThresholdsConfig
                0x00000000       0x28 ..\obj\stm32f10x_adc.o
 .text.ADC_AnalogWatchdogSingleChannelConfig
                0x00000000       0x38 ..\obj\stm32f10x_adc.o
 .text.ADC_TempSensorVrefintCmd
                0x00000000       0x38 ..\obj\stm32f10x_adc.o
 .text.ADC_GetFlagStatus
                0x00000000       0x34 ..\obj\stm32f10x_adc.o
 .text.ADC_ClearFlag
                0x00000000       0x20 ..\obj\stm32f10x_adc.o
 .text.ADC_GetITStatus
                0x00000000       0x54 ..\obj\stm32f10x_adc.o
 .text.ADC_ClearITPendingBit
                0x00000000       0x2c ..\obj\stm32f10x_adc.o
 .debug_info    0x00000000      0xb7c ..\obj\stm32f10x_adc.o
 .debug_abbrev  0x00000000      0x19a ..\obj\stm32f10x_adc.o
 .debug_aranges
                0x00000000      0x138 ..\obj\stm32f10x_adc.o
 .debug_ranges  0x00000000      0x128 ..\obj\stm32f10x_adc.o
 .debug_line    0x00000000      0x516 ..\obj\stm32f10x_adc.o
 .debug_str     0x00000000      0x6f9 ..\obj\stm32f10x_adc.o
 .comment       0x00000000       0x6f ..\obj\stm32f10x_adc.o
 .debug_frame   0x00000000      0x5a4 ..\obj\stm32f10x_adc.o
 .ARM.attributes
                0x00000000       0x33 ..\obj\stm32f10x_adc.o
 .text          0x00000000        0x0 ..\obj\stm32f10x_usart.o
 .data          0x00000000        0x0 ..\obj\stm32f10x_usart.o
 .bss           0x00000000        0x0 ..\obj\stm32f10x_usart.o
 .text.USART_DeInit
                0x00000000       0xb8 ..\obj\stm32f10x_usart.o
 .text.USART_Init
                0x00000000      0x174 ..\obj\stm32f10x_usart.o
 .text.USART_StructInit
                0x00000000       0x38 ..\obj\stm32f10x_usart.o
 .text.USART_ClockInit
                0x00000000       0x58 ..\obj\stm32f10x_usart.o
 .text.USART_ClockStructInit
                0x00000000       0x2c ..\obj\stm32f10x_usart.o
 .text.USART_Cmd
                0x00000000       0x40 ..\obj\stm32f10x_usart.o
 .text.USART_ITConfig
                0x00000000       0x90 ..\obj\stm32f10x_usart.o
 .text.USART_DMACmd
                0x00000000       0x48 ..\obj\stm32f10x_usart.o
 .text.USART_SetAddress
                0x00000000       0x38 ..\obj\stm32f10x_usart.o
 .text.USART_WakeUpConfig
                0x00000000       0x38 ..\obj\stm32f10x_usart.o
 .text.USART_ReceiverWakeUpCmd
                0x00000000       0x40 ..\obj\stm32f10x_usart.o
 .text.USART_LINBreakDetectLengthConfig
                0x00000000       0x38 ..\obj\stm32f10x_usart.o
 .text.USART_LINCmd
                0x00000000       0x40 ..\obj\stm32f10x_usart.o
 .text.USART_SendData
                0x00000000       0x24 ..\obj\stm32f10x_usart.o
 .text.USART_ReceiveData
                0x00000000       0x20 ..\obj\stm32f10x_usart.o
 .text.USART_SendBreak
                0x00000000       0x24 ..\obj\stm32f10x_usart.o
 .text.USART_SetGuardTime
                0x00000000       0x3c ..\obj\stm32f10x_usart.o
 .text.USART_SetPrescaler
                0x00000000       0x38 ..\obj\stm32f10x_usart.o
 .text.USART_SmartCardCmd
                0x00000000       0x40 ..\obj\stm32f10x_usart.o
 .text.USART_SmartCardNACKCmd
                0x00000000       0x40 ..\obj\stm32f10x_usart.o
 .text.USART_HalfDuplexCmd
                0x00000000       0x40 ..\obj\stm32f10x_usart.o
 .text.USART_OverSampling8Cmd
                0x00000000       0x44 ..\obj\stm32f10x_usart.o
 .text.USART_OneBitMethodCmd
                0x00000000       0x40 ..\obj\stm32f10x_usart.o
 .text.USART_IrDAConfig
                0x00000000       0x38 ..\obj\stm32f10x_usart.o
 .text.USART_IrDACmd
                0x00000000       0x40 ..\obj\stm32f10x_usart.o
 .text.USART_GetFlagStatus
                0x00000000       0x38 ..\obj\stm32f10x_usart.o
 .text.USART_ClearFlag
                0x00000000       0x20 ..\obj\stm32f10x_usart.o
 .text.USART_GetITStatus
                0x00000000       0xb4 ..\obj\stm32f10x_usart.o
 .text.USART_ClearITPendingBit
                0x00000000       0x38 ..\obj\stm32f10x_usart.o
 .debug_info    0x00000000      0x9f0 ..\obj\stm32f10x_usart.o
 .debug_abbrev  0x00000000      0x164 ..\obj\stm32f10x_usart.o
 .debug_aranges
                0x00000000      0x100 ..\obj\stm32f10x_usart.o
 .debug_ranges  0x00000000       0xf0 ..\obj\stm32f10x_usart.o
 .debug_line    0x00000000      0x48e ..\obj\stm32f10x_usart.o
 .debug_str     0x00000000      0x68e ..\obj\stm32f10x_usart.o
 .comment       0x00000000       0x6f ..\obj\stm32f10x_usart.o
 .debug_frame   0x00000000      0x490 ..\obj\stm32f10x_usart.o
 .ARM.attributes
                0x00000000       0x33 ..\obj\stm32f10x_usart.o
 .text          0x00000000        0x0 ..\obj\time.o
 .data          0x00000000        0x0 ..\obj\time.o
 .text.CoGetOSTime
                0x00000000       0x18 ..\obj\time.o
 .text.CoResetTaskDelayTick
                0x00000000       0x80 ..\obj\time.o
 .text.CoTimeDelay
                0x00000000       0xac ..\obj\time.o
 .text          0x00000000        0x0 ..\obj\event.o
 .data          0x00000000        0x0 ..\obj\event.o
 .text.ReleaseECB
                0x00000000       0x44 ..\obj\event.o
 .text.CreatEvent
                0x00000000       0x84 ..\obj\event.o
 .text.DeleteEvent
                0x00000000       0x8c ..\obj\event.o
 .text.EventTaskToWait
                0x00000000      0x100 ..\obj\event.o
 .text          0x00000000        0x0 ..\obj\syscalls.o
 .data          0x00000000        0x0 ..\obj\syscalls.o
 .bss           0x00000000        0x4 ..\obj\syscalls.o
 .text._sbrk    0x00000000       0x3c ..\obj\syscalls.o
 .text.link     0x00000000       0x18 ..\obj\syscalls.o
 .text._close   0x00000000       0x18 ..\obj\syscalls.o
 .text._fstat   0x00000000       0x20 ..\obj\syscalls.o
 .text._isatty  0x00000000       0x14 ..\obj\syscalls.o
 .text._lseek   0x00000000       0x18 ..\obj\syscalls.o
 .text._read    0x00000000       0x18 ..\obj\syscalls.o
 .text._write   0x00000000       0x18 ..\obj\syscalls.o
 .text.abort    0x00000000        0x8 ..\obj\syscalls.o
 .debug_info    0x00000000      0x458 ..\obj\syscalls.o
 .debug_abbrev  0x00000000       0xe5 ..\obj\syscalls.o
 .debug_aranges
                0x00000000       0x60 ..\obj\syscalls.o
 .debug_ranges  0x00000000       0x50 ..\obj\syscalls.o
 .debug_line    0x00000000      0x1e4 ..\obj\syscalls.o
 .debug_str     0x00000000      0x31b ..\obj\syscalls.o
 .comment       0x00000000       0x6f ..\obj\syscalls.o
 .debug_frame   0x00000000      0x168 ..\obj\syscalls.o
 .ARM.attributes
                0x00000000       0x33 ..\obj\syscalls.o
 .text          0x00000000        0x0 ..\obj\port.o
 .bss           0x00000000        0x0 ..\obj\port.o
 .text.Inc8     0x00000000       0x30 ..\obj\port.o
 .text.Dec8     0x00000000       0x2c ..\obj\port.o
 .text          0x00000000        0x0 ..\obj\queue.o
 .data          0x00000000        0x0 ..\obj\queue.o
 .bss           0x00000000       0x24 ..\obj\queue.o
 .text.CoCreateQueue
                0x00000000       0xfc ..\obj\queue.o
 .text.CoDelQueue
                0x00000000       0x9c ..\obj\queue.o
 .text.CoAcceptQueueMail
                0x00000000       0xc0 ..\obj\queue.o
 .text.CoPendQueueMail
                0x00000000      0x1d4 ..\obj\queue.o
 .text.isr_PostQueueMail
                0x00000000       0x48 ..\obj\queue.o
 .text          0x00000000        0x0 ..\obj\mutex.o
 .data          0x00000000        0x0 ..\obj\mutex.o
 .bss           0x00000000       0x54 ..\obj\mutex.o
 .text.CoCreateMutex
                0x00000000       0x74 ..\obj\mutex.o
 .text.CoEnterMutexSection
                0x00000000      0x178 ..\obj\mutex.o
 .text.CoLeaveMutexSection
                0x00000000      0x134 ..\obj\mutex.o
 .text.RemoveMutexList
                0x00000000       0xf4 ..\obj\mutex.o
 .debug_info    0x00000000      0x475 ..\obj\mutex.o
 .debug_abbrev  0x00000000      0x15f ..\obj\mutex.o
 .debug_aranges
                0x00000000       0x38 ..\obj\mutex.o
 .debug_ranges  0x00000000       0x28 ..\obj\mutex.o
 .debug_line    0x00000000      0x14a ..\obj\mutex.o
 .debug_str     0x00000000      0x32a ..\obj\mutex.o
 .comment       0x00000000       0x6f ..\obj\mutex.o
 .debug_frame   0x00000000       0xa0 ..\obj\mutex.o
 .ARM.attributes
                0x00000000       0x33 ..\obj\mutex.o
 .text          0x00000000        0x0 ..\obj\flag.o
 .data          0x00000000        0x0 ..\obj\flag.o
 .text.CoCreateFlag
                0x00000000       0x98 ..\obj\flag.o
 .text.CoDelFlag
                0x00000000      0x118 ..\obj\flag.o
 .text.CoAcceptSingleFlag
                0x00000000       0x84 ..\obj\flag.o
 .text.CoAcceptMultipleFlags
                0x00000000       0xbc ..\obj\flag.o
 .text.CoWaitForSingleFlag
                0x00000000      0x174 ..\obj\flag.o
 .text.CoWaitForMultipleFlags
                0x00000000      0x1bc ..\obj\flag.o
 .text.CoClearFlag
                0x00000000       0x54 ..\obj\flag.o
 .text.isr_SetFlag
                0x00000000       0x44 ..\obj\flag.o
 .text.FlagBlock
                0x00000000       0x78 ..\obj\flag.o
 .text          0x00000000        0x0 ..\obj\arch.o
 .data          0x00000000        0x0 ..\obj\arch.o
 .text          0x00000000        0x0 ..\obj\misc.o
 .data          0x00000000        0x0 ..\obj\misc.o
 .bss           0x00000000        0x0 ..\obj\misc.o
 .text.NVIC_PriorityGroupConfig
                0x00000000       0x24 ..\obj\misc.o
 .text.NVIC_Init
                0x00000000       0xc4 ..\obj\misc.o
 .text.NVIC_SetVectorTable
                0x00000000       0x2c ..\obj\misc.o
 .text.NVIC_SystemLPConfig
                0x00000000       0x40 ..\obj\misc.o
 .text.SysTick_CLKSourceConfig
                0x00000000       0x38 ..\obj\misc.o
 .debug_info    0x00000000      0x556 ..\obj\misc.o
 .debug_abbrev  0x00000000      0x147 ..\obj\misc.o
 .debug_aranges
                0x00000000       0x40 ..\obj\misc.o
 .debug_ranges  0x00000000       0x30 ..\obj\misc.o
 .debug_line    0x00000000      0x21f ..\obj\misc.o
 .debug_str     0x00000000      0x3bc ..\obj\misc.o
 .comment       0x00000000       0x6f ..\obj\misc.o
 .debug_frame   0x00000000       0xd8 ..\obj\misc.o
 .ARM.attributes
                0x00000000       0x33 ..\obj\misc.o
 .text          0x00000000        0x0 ..\obj\sem.o
 .data          0x00000000        0x0 ..\obj\sem.o
 .bss           0x00000000        0x0 ..\obj\sem.o
 .text.CoCreateSem
                0x00000000       0x60 ..\obj\sem.o
 .text.CoDelSem
                0x00000000       0x50 ..\obj\sem.o
 .text.CoAcceptSem
                0x00000000       0x70 ..\obj\sem.o
 .text.CoPendSem
                0x00000000      0x104 ..\obj\sem.o
 .text.isr_PostSem
                0x00000000       0x44 ..\obj\sem.o
 .text          0x00000000        0x0 ..\obj\hook.o
 .data          0x00000000        0x0 ..\obj\hook.o
 .bss           0x00000000        0x0 ..\obj\hook.o

Memory Configuration

Name             Origin             Length             Attributes
rom              0x08000000         0x00080000         xr
ram              0x20000000         0x00010000         xrw
*default*        0x00000000         0xffffffff

Linker script and memory map

                0x20010000                _eram = 0x20010000

.text           0x08000000     0x1758
 *(.isr_vector)
 .isr_vector    0x08000000      0x134 ..\obj\startup_stm32f10x_hd.o
                0x08000000                g_pfnVectors
 *(.text*)
 .text.CoCreateKheap
                0x08000134       0x44 ..\obj\kernelHeap.o
                0x08000134                CoCreateKheap
 .text.OsSchedUnlock
                0x08000178       0x50 ..\obj\core.o
                0x08000178                OsSchedUnlock
 .text.CoInitOS
                0x080001c8       0x80 ..\obj\core.o
                0x080001c8                CoInitOS
 .text.CoStartOS
                0x08000248       0x38 ..\obj\core.o
                0x08000248                CoStartOS
 .text.InsertTmrList
                0x08000280      0x1dc ..\obj\timer.o
 .text.RemoveTmrList
                0x0800045c       0xd4 ..\obj\timer.o
 .text.TmrDispose
                0x08000530       0x78 ..\obj\timer.o
                0x08000530                TmrDispose
 .text.isr_TmrDispose
                0x080005a8       0x30 ..\obj\timer.o
                0x080005a8                isr_TmrDispose
 .text.SystemInit
                0x080005d8       0x68 ..\obj\system_stm32f10x.o
                0x080005d8                SystemInit
 .text.SetSysClock
                0x08000640        0xc ..\obj\system_stm32f10x.o
 .text.SetSysClockTo72
                0x0800064c      0x100 ..\obj\system_stm32f10x.o
 .text.Default_Reset_Handler
                0x0800074c       0x60 ..\obj\startup_stm32f10x_hd.o
                0x0800074c                Default_Reset_Handler
                0x0800074c                Reset_Handler
 .text.Default_Handler
                0x080007ac        0x8 ..\obj\startup_stm32f10x_hd.o
                0x080007ac                EXTI2_IRQHandler
                0x080007ac                TIM8_TRG_COM_IRQHandler
                0x080007ac                TIM8_CC_IRQHandler
                0x080007ac                DebugMon_Handler
                0x080007ac                TIM1_CC_IRQHandler
                0x080007ac                HardFault_Handler
                0x080007ac                TIM6_IRQHandler
                0x080007ac                PVD_IRQHandler
                0x080007ac                SDIO_IRQHandler
                0x080007ac                NMI_Handler
                0x080007ac                EXTI3_IRQHandler
                0x080007ac                EXTI0_IRQHandler
                0x080007ac                I2C2_EV_IRQHandler
                0x080007ac                UsageFault_Handler
                0x080007ac                ADC1_2_IRQHandler
                0x080007ac                SPI1_IRQHandler
                0x080007ac                TAMPER_IRQHandler
                0x080007ac                TIM8_UP_IRQHandler
                0x080007ac                DMA2_Channel2_IRQHandler
                0x080007ac                DMA1_Channel4_IRQHandler
                0x080007ac                USART3_IRQHandler
                0x080007ac                RTC_IRQHandler
                0x080007ac                DMA1_Channel7_IRQHandler
                0x080007ac                CAN1_RX1_IRQHandler
                0x080007ac                UART5_IRQHandler
                0x080007ac                ADC3_IRQHandler
                0x080007ac                TIM4_IRQHandler
                0x080007ac                DMA2_Channel1_IRQHandler
                0x080007ac                I2C1_EV_IRQHandler
                0x080007ac                DMA1_Channel6_IRQHandler
                0x080007ac                UART4_IRQHandler
                0x080007ac                TIM3_IRQHandler
                0x080007ac                RCC_IRQHandler
                0x080007ac                TIM1_TRG_COM_IRQHandler
                0x080007ac                DMA1_Channel1_IRQHandler
                0x080007ac                EXTI15_10_IRQHandler
                0x080007ac                TIM7_IRQHandler
                0x080007ac                TIM5_IRQHandler
                0x080007ac                EXTI9_5_IRQHandler
                0x080007ac                SPI2_IRQHandler
                0x080007ac                MemManage_Handler
                0x080007ac                SVC_Handler
                0x080007ac                DMA1_Channel5_IRQHandler
                0x080007ac                EXTI4_IRQHandler
                0x080007ac                USB_LP_CAN1_RX0_IRQHandler
                0x080007ac                USB_HP_CAN1_TX_IRQHandler
                0x080007ac                DMA1_Channel3_IRQHandler
                0x080007ac                FSMC_IRQHandler
                0x080007ac                TIM1_UP_IRQHandler
                0x080007ac                WWDG_IRQHandler
                0x080007ac                TIM2_IRQHandler
                0x080007ac                TIM1_BRK_IRQHandler
                0x080007ac                EXTI1_IRQHandler
                0x080007ac                RTCAlarm_IRQHandler
                0x080007ac                DMA2_Channel4_5_IRQHandler
                0x080007ac                USART2_IRQHandler
                0x080007ac                I2C2_ER_IRQHandler
                0x080007ac                DMA1_Channel2_IRQHandler
                0x080007ac                TIM8_BRK_IRQHandler
                0x080007ac                CAN1_SCE_IRQHandler
                0x080007ac                FLASH_IRQHandler
                0x080007ac                BusFault_Handler
                0x080007ac                USART1_IRQHandler
                0x080007ac                SPI3_IRQHandler
                0x080007ac                I2C1_ER_IRQHandler
                0x080007ac                USBWakeUp_IRQHandler
                0x080007ac                DMA2_Channel3_IRQHandler
 .text.CreateTCBList
                0x080007b4       0x68 ..\obj\task.o
                0x080007b4                CreateTCBList
 .text.InsertToTCBRdyList
                0x0800081c      0x100 ..\obj\task.o
                0x0800081c                InsertToTCBRdyList
 .text.RemoveFromTCBRdyList
                0x0800091c       0x88 ..\obj\task.o
                0x0800091c                RemoveFromTCBRdyList
 .text.Schedule
                0x080009a4      0x13c ..\obj\task.o
                0x080009a4                Schedule
 .text.AssignTCB
                0x08000ae0       0x4c ..\obj\task.o
 .text.CreateTask
                0x08000b2c      0x118 ..\obj\task.o
                0x08000b2c                CreateTask
 .text.RespondSRQ
                0x08000c44      0x100 ..\obj\serviceReq.o
                0x08000c44                RespondSRQ
 .text.taskA    0x08000d44       0x18 ..\obj\CoOS App Framework.o
                0x08000d44                taskA
 .text.taskB    0x08000d5c       0x18 ..\obj\CoOS App Framework.o
                0x08000d5c                taskB
 .text.taskC    0x08000d74       0x18 ..\obj\CoOS App Framework.o
                0x08000d74                taskC
 .text.main     0x08000d8c       0x50 ..\obj\CoOS App Framework.o
                0x08000d8c                main
 .text.CoPostMail
                0x08000ddc       0x74 ..\obj\mbox.o
                0x08000ddc                CoPostMail
 .text.InsertDelayList
                0x08000e50       0xf0 ..\obj\time.o
                0x08000e50                InsertDelayList
 .text.RemoveDelayList
                0x08000f40       0xb4 ..\obj\time.o
                0x08000f40                RemoveDelayList
 .text.CoTickDelay
                0x08000ff4       0x70 ..\obj\time.o
                0x08000ff4                CoTickDelay
 .text.TimeDispose
                0x08001064       0x78 ..\obj\time.o
                0x08001064                TimeDispose
 .text.isr_TimeDispose
                0x080010dc       0x30 ..\obj\time.o
                0x080010dc                isr_TimeDispose
 .text.CreateEventList
                0x0800110c       0x78 ..\obj\event.o
                0x0800110c                CreateEventList
 .text.EventTaskToRdy
                0x08001184       0xcc ..\obj\event.o
                0x08001184                EventTaskToRdy
 .text.RemoveEventWaittingList
                0x08001250       0x98 ..\obj\event.o
                0x08001250                RemoveEventWaittingList
 .text.IRQ_ENABLE_RESTORE
                0x080012e8       0x10 ..\obj\port.o
                0x080012e8                IRQ_ENABLE_RESTORE
 .text.IRQ_DISABLE_SAVE
                0x080012f8       0x10 ..\obj\port.o
                0x080012f8                IRQ_DISABLE_SAVE
 .text.SetEnvironment
                0x08001308        0xc ..\obj\port.o
                0x08001308                SetEnvironment
 .text.SwitchContext
                0x08001314       0x18 ..\obj\port.o
                0x08001314                SwitchContext
 .text.PendSV_Handler
                0x0800132c       0x3c ..\obj\port.o
                0x0800132c                PendSV_Handler
 .text.CoPostQueueMail
                0x08001368       0xac ..\obj\queue.o
                0x08001368                CoPostQueueMail
 .text.CoSetFlag
                0x08001414       0xf8 ..\obj\flag.o
                0x08001414                CoSetFlag
 .text.RemoveFromLink
                0x0800150c       0x54 ..\obj\flag.o
 .text.RemoveLinkNode
                0x08001560       0x84 ..\obj\flag.o
                0x08001560                RemoveLinkNode
 .text.InitTaskContext
                0x080015e4       0x4c ..\obj\arch.o
                0x080015e4                InitTaskContext
 .text.SysTick_Handler
                0x08001630       0x98 ..\obj\arch.o
                0x08001630                SysTick_Handler
 .text.CoPostSem
                0x080016c8       0x78 ..\obj\sem.o
                0x080016c8                CoPostSem
 .text.CoIdleTask
                0x08001740        0xc ..\obj\hook.o
                0x08001740                CoIdleTask
 .text.CoStkOverflowHook
                0x0800174c        0xc ..\obj\hook.o
                0x0800174c                CoStkOverflowHook
 *(.init)
 *(.fini)
 *crtbegin.o(.ctors)
 *crtbegin?.o(.ctors)
 *(EXCLUDE_FILE(*crtend.o *crtend?.o) .ctors)
 *(SORT(.ctors.*))
 *(.ctors)
 *crtbegin.o(.dtors)
 *crtbegin?.o(.dtors)
 *(EXCLUDE_FILE(*crtend.o *crtend?.o) .dtors)
 *(SORT(.dtors.*))
 *(.dtors)
 *(.rodata*)
 *(.eh_fram e*)

.glue_7         0x08001758        0x0
 .glue_7        0x08001758        0x0 linker stubs

.glue_7t        0x08001758        0x0
 .glue_7t       0x08001758        0x0 linker stubs

.vfp11_veneer   0x08001758        0x0
 .vfp11_veneer  0x08001758        0x0 linker stubs

.v4_bx          0x08001758        0x0
 .v4_bx         0x08001758        0x0 linker stubs

.iplt           0x08001758        0x0
 .iplt          0x08001758        0x0 ..\obj\stm32f10x_tim.o

.rel.dyn        0x08001758        0x0
 .rel.iplt      0x08001758        0x0 ..\obj\stm32f10x_tim.o

.ARM.extab
 *(.ARM.extab* .gnu.linkonce.armextab.*)
                0x08001758                __exidx_start = .

.ARM.exidx
 *(.ARM.exidx* .gnu.linkonce.armexidx.*)
                0x08001758                __exidx_end = .
                0x08001758                __etext = .
                0x08001758                _sidata = __etext

.data           0x20000000        0xc load address 0x08001758
                0x20000000                __data_start__ = .
                0x20000000                _sdata = __data_start__
 *(vtable)
 *(.data*)
 .data          0x20000000        0xc ..\obj\port.o
                0x20000000                NVIC_INT_CTRL
                0x20000004                NVIC_PENDSVSET
                0x20000008                INT_EXIT
                0x2000000c                . = ALIGN (0x4)
                [!provide]                PROVIDE (__preinit_array_start, .)
 *(.preinit_array)
                [!provide]                PROVIDE (__preinit_array_end, .)
                0x2000000c                . = ALIGN (0x4)
                [!provide]                PROVIDE (__init_array_start, .)
 *(SORT(.init_array.*))
 *(.init_array)
                [!provide]                PROVIDE (__init_array_end, .)
                0x2000000c                . = ALIGN (0x4)
                [!provide]                PROVIDE (__fini_array_start, .)
 *(SORT(.fini_array.*))
 *(.fini_array)
                [!provide]                PROVIDE (__fini_array_end, .)
 *(.jcr*)
                0x2000000c                . = ALIGN (0x4)
                0x2000000c                __data_end__ = .
                0x2000000c                _edata = __data_end__

.igot.plt       0x2000000c        0x0 load address 0x08001764
 .igot.plt      0x2000000c        0x0 ..\obj\stm32f10x_tim.o

.bss            0x20000010      0xa30 load address 0x08001768
                0x20000010                . = ALIGN (0x4)
                0x20000010                __bss_start__ = .
                0x20000010                _sbss = __bss_start__
 *(.bss*)
 .bss           0x20000010       0xd4 ..\obj\kernelHeap.o
                0x20000010                KernelHeap
                0x200000d8                FMBlist
                0x200000dc                Kheap
 .bss           0x200000e4        0x3 ..\obj\core.o
                0x200000e4                OSIntNesting
                0x200000e5                OSSchedLock
                0x200000e6                TaskSchedReq
 *fill*         0x200000e7        0x1 
 .bss           0x200000e8       0x38 ..\obj\timer.o
                0x200000e8                TmrTbl
                0x20000118                TmrList
                0x2000011c                TmrIDVessel
 .bss           0x20000120      0x188 ..\obj\task.o
                0x20000120                TCBTbl
                0x20000228                idle_stk
                0x2000028c                FreeTCB
                0x20000290                TCBRdy
                0x20000294                TCBNext
                0x20000298                TCBRunning
                0x200002a0                OSCheckTime
 .bss           0x200002a8       0x2f ..\obj\serviceReq.o
                0x200002a8                ServiceReq
                0x200002d4                IsrReq
                0x200002d5                TimeReq
                0x200002d6                TimerReq
 *fill*         0x200002d7        0x1 
 .bss           0x200002d8        0x4 ..\obj\time.o
                0x200002d8                DlyList
 .bss           0x200002dc      0x144 ..\obj\event.o
                0x200002dc                EventTbl
                0x2000041c                FreeEventList
 .bss           0x20000420       0x14 ..\obj\flag.o
                0x20000420                FlagCrl
 *fill*         0x20000434        0x4 
 .bss           0x20000438        0x8 ..\obj\arch.o
                0x20000438                OSTickCnt
 *(COMMON)
 COMMON         0x20000440      0x600 ..\obj\CoOS App Framework.o
                0x20000440                taskB_stk
                0x20000640                taskC_stk
                0x20000840                taskA_stk
                0x20000a40                . = ALIGN (0x4)
                0x20000a40                __bss_end__ = .
                0x20000a40                _ebss = __bss_end__

.heap           0x20000a40        0x0
                0x20000a40                __end__ = .
                0x20000a40                _end = __end__
                0x20000a40                end = __end__
 *(.heap*)
                0x20000a40                __HeapLimit = .

.co_stack       0x20000a40      0x400 load address 0x08002198
                0x20000a40                . = ALIGN (0x8)
 *(.co_stack .co_stack.*)
 .co_stack      0x20000a40      0x400 ..\obj\startup_stm32f10x_hd.o
                0x20000a40                pulStack
                0x20010000                __StackTop = (ORIGIN (ram) + LENGTH (ram))
                0x2000fc00                __StackLimit = (__StackTop - SIZEOF (.co_stack))
                [!provide]                PROVIDE (__stack, __StackTop)
                0x00000001                ASSERT ((__StackLimit >= __HeapLimit), region ram  overflowed with stack)
LOAD ..\obj\stm32f10x_tim.o
LOAD ..\obj\kernelHeap.o
LOAD ..\obj\core.o
LOAD ..\obj\timer.o
LOAD ..\obj\utility.o
LOAD ..\obj\system_stm32f10x.o
LOAD ..\obj\startup_stm32f10x_hd.o
LOAD ..\obj\task.o
LOAD ..\obj\stm32f10x_gpio.o
LOAD ..\obj\serviceReq.o
LOAD ..\obj\main.o
LOAD ..\obj\CoOS App Framework.o
LOAD ..\obj\stm32f10x_rcc.o
LOAD ..\obj\mbox.o
LOAD ..\obj\mm.o
LOAD ..\obj\stm32f10x_adc.o
LOAD ..\obj\stm32f10x_usart.o
LOAD ..\obj\time.o
LOAD ..\obj\event.o
LOAD ..\obj\syscalls.o
LOAD ..\obj\port.o
LOAD ..\obj\queue.o
LOAD ..\obj\mutex.o
LOAD ..\obj\flag.o
LOAD ..\obj\arch.o
LOAD ..\obj\misc.o
LOAD ..\obj\sem.o
LOAD ..\obj\hook.o
START GROUP
LOAD c:/program files (x86)/gnu tools arm embedded/5.4 2016q3/bin/../lib/gcc/arm-none-eabi/5.4.1/armv7-m\libgcc.a
LOAD c:/program files (x86)/gnu tools arm embedded/5.4 2016q3/bin/../lib/gcc/arm-none-eabi/5.4.1/../../../../arm-none-eabi/lib/armv7-m\libg.a
LOAD c:/program files (x86)/gnu tools arm embedded/5.4 2016q3/bin/../lib/gcc/arm-none-eabi/5.4.1/../../../../arm-none-eabi/lib/armv7-m\libc.a
END GROUP
OUTPUT(exoprj.elf elf32-littlearm)

.debug_info     0x00000000     0x3a09
 .debug_info    0x00000000      0x2d3 ..\obj\kernelHeap.o
 .debug_info    0x000002d3      0x2c9 ..\obj\core.o
 .debug_info    0x0000059c      0x3bf ..\obj\timer.o
 .debug_info    0x0000095b      0x49c ..\obj\system_stm32f10x.o
 .debug_info    0x00000df7       0xee ..\obj\startup_stm32f10x_hd.o
 .debug_info    0x00000ee5      0x6d7 ..\obj\task.o
 .debug_info    0x000015bc      0x1e5 ..\obj\serviceReq.o
 .debug_info    0x000017a1      0x15c ..\obj\CoOS App Framework.o
 .debug_info    0x000018fd      0x411 ..\obj\mbox.o
 .debug_info    0x00001d0e      0x3d2 ..\obj\time.o
 .debug_info    0x000020e0      0x4a6 ..\obj\event.o
 .debug_info    0x00002586      0x197 ..\obj\port.o
 .debug_info    0x0000271d      0x528 ..\obj\queue.o
 .debug_info    0x00002c45      0x639 ..\obj\flag.o
 .debug_info    0x0000327e      0x2fe ..\obj\arch.o
 .debug_info    0x0000357c      0x3d1 ..\obj\sem.o
 .debug_info    0x0000394d       0xbc ..\obj\hook.o

.debug_abbrev   0x00000000     0x1548
 .debug_abbrev  0x00000000      0x14f ..\obj\kernelHeap.o
 .debug_abbrev  0x0000014f       0xf5 ..\obj\core.o
 .debug_abbrev  0x00000244      0x194 ..\obj\timer.o
 .debug_abbrev  0x000003d8      0x14e ..\obj\system_stm32f10x.o
 .debug_abbrev  0x00000526       0xa7 ..\obj\startup_stm32f10x_hd.o
 .debug_abbrev  0x000005cd      0x1ef ..\obj\task.o
 .debug_abbrev  0x000007bc      0x114 ..\obj\serviceReq.o
 .debug_abbrev  0x000008d0       0xaf ..\obj\CoOS App Framework.o
 .debug_abbrev  0x0000097f      0x15f ..\obj\mbox.o
 .debug_abbrev  0x00000ade      0x194 ..\obj\time.o
 .debug_abbrev  0x00000c72      0x1d4 ..\obj\event.o
 .debug_abbrev  0x00000e46       0xe7 ..\obj\port.o
 .debug_abbrev  0x00000f2d      0x17f ..\obj\queue.o
 .debug_abbrev  0x000010ac      0x1b1 ..\obj\flag.o
 .debug_abbrev  0x0000125d      0x111 ..\obj\arch.o
 .debug_abbrev  0x0000136e      0x150 ..\obj\sem.o
 .debug_abbrev  0x000014be       0x8a ..\obj\hook.o

.debug_aranges  0x00000000      0x4c8
 .debug_aranges
                0x00000000       0x38 ..\obj\kernelHeap.o
 .debug_aranges
                0x00000038       0x58 ..\obj\core.o
 .debug_aranges
                0x00000090       0x68 ..\obj\timer.o
 .debug_aranges
                0x000000f8       0x38 ..\obj\system_stm32f10x.o
 .debug_aranges
                0x00000130       0x28 ..\obj\startup_stm32f10x_hd.o
 .debug_aranges
                0x00000158       0x78 ..\obj\task.o
 .debug_aranges
                0x000001d0       0x28 ..\obj\serviceReq.o
 .debug_aranges
                0x000001f8       0x38 ..\obj\CoOS App Framework.o
 .debug_aranges
                0x00000230       0x48 ..\obj\mbox.o
 .debug_aranges
                0x00000278       0x58 ..\obj\time.o
 .debug_aranges
                0x000002d0       0x50 ..\obj\event.o
 .debug_aranges
                0x00000320       0x50 ..\obj\port.o
 .debug_aranges
                0x00000370       0x48 ..\obj\queue.o
 .debug_aranges
                0x000003b8       0x78 ..\obj\flag.o
 .debug_aranges
                0x00000430       0x28 ..\obj\arch.o
 .debug_aranges
                0x00000458       0x48 ..\obj\sem.o
 .debug_aranges
                0x000004a0       0x28 ..\obj\hook.o

.debug_ranges   0x00000000      0x3b8
 .debug_ranges  0x00000000       0x28 ..\obj\kernelHeap.o
 .debug_ranges  0x00000028       0x48 ..\obj\core.o
 .debug_ranges  0x00000070       0x58 ..\obj\timer.o
 .debug_ranges  0x000000c8       0x28 ..\obj\system_stm32f10x.o
 .debug_ranges  0x000000f0       0x18 ..\obj\startup_stm32f10x_hd.o
 .debug_ranges  0x00000108       0x68 ..\obj\task.o
 .debug_ranges  0x00000170       0x18 ..\obj\serviceReq.o
 .debug_ranges  0x00000188       0x28 ..\obj\CoOS App Framework.o
 .debug_ranges  0x000001b0       0x38 ..\obj\mbox.o
 .debug_ranges  0x000001e8       0x48 ..\obj\time.o
 .debug_ranges  0x00000230       0x40 ..\obj\event.o
 .debug_ranges  0x00000270       0x40 ..\obj\port.o
 .debug_ranges  0x000002b0       0x38 ..\obj\queue.o
 .debug_ranges  0x000002e8       0x68 ..\obj\flag.o
 .debug_ranges  0x00000350       0x18 ..\obj\arch.o
 .debug_ranges  0x00000368       0x38 ..\obj\sem.o
 .debug_ranges  0x000003a0       0x18 ..\obj\hook.o

.debug_line     0x00000000     0x17f9
 .debug_line    0x00000000      0x190 ..\obj\kernelHeap.o
 .debug_line    0x00000190      0x11c ..\obj\core.o
 .debug_line    0x000002ac      0x1ea ..\obj\timer.o
 .debug_line    0x00000496      0x210 ..\obj\system_stm32f10x.o
 .debug_line    0x000006a6       0x98 ..\obj\startup_stm32f10x_hd.o
 .debug_line    0x0000073e      0x2f1 ..\obj\task.o
 .debug_line    0x00000a2f       0xbf ..\obj\serviceReq.o
 .debug_line    0x00000aee       0xfe ..\obj\CoOS App Framework.o
 .debug_line    0x00000bec      0x133 ..\obj\mbox.o
 .debug_line    0x00000d1f      0x1c6 ..\obj\time.o
 .debug_line    0x00000ee5      0x19e ..\obj\event.o
 .debug_line    0x00001083      0x112 ..\obj\port.o
 .debug_line    0x00001195      0x181 ..\obj\queue.o
 .debug_line    0x00001316      0x25d ..\obj\flag.o
 .debug_line    0x00001573       0xdd ..\obj\arch.o
 .debug_line    0x00001650      0x128 ..\obj\sem.o
 .debug_line    0x00001778       0x81 ..\obj\hook.o

.debug_str      0x00000000     0x10af
 .debug_str     0x00000000      0x20c ..\obj\kernelHeap.o
                                0x22b (size before relaxing)
 .debug_str     0x0000020c      0x17a ..\obj\core.o
                                0x27a (size before relaxing)
 .debug_str     0x00000386      0x142 ..\obj\timer.o
                                0x268 (size before relaxing)
 .debug_str     0x000004c8      0x1bd ..\obj\system_stm32f10x.o
                                0x2ed (size before relaxing)
 .debug_str     0x00000685       0xa6 ..\obj\startup_stm32f10x_hd.o
                                0x13d (size before relaxing)
 .debug_str     0x0000072b      0x21b ..\obj\task.o
                                0x419 (size before relaxing)
 .debug_str     0x00000946       0x93 ..\obj\serviceReq.o
                                0x1a0 (size before relaxing)
 .debug_str     0x000009d9       0x7b ..\obj\CoOS App Framework.o
                                0x170 (size before relaxing)
 .debug_str     0x00000a54       0x8d ..\obj\mbox.o
                                0x2bb (size before relaxing)
 .debug_str     0x00000ae1       0xc9 ..\obj\time.o
                                0x2d7 (size before relaxing)
 .debug_str     0x00000baa       0xd8 ..\obj\event.o
                                0x322 (size before relaxing)
 .debug_str     0x00000c82       0xc0 ..\obj\port.o
                                0x1ba (size before relaxing)
 .debug_str     0x00000d42       0xa3 ..\obj\queue.o
                                0x31f (size before relaxing)
 .debug_str     0x00000de5      0x1a4 ..\obj\flag.o
                                0x398 (size before relaxing)
 .debug_str     0x00000f89       0x5e ..\obj\arch.o
                                0x29a (size before relaxing)
 .debug_str     0x00000fe7       0x7d ..\obj\sem.o
                                0x2be (size before relaxing)
 .debug_str     0x00001064       0x4b ..\obj\hook.o
                                0x14d (size before relaxing)

.comment        0x00000000       0x6e
 .comment       0x00000000       0x6e ..\obj\kernelHeap.o
                                 0x6f (size before relaxing)
 .comment       0x0000006e       0x6f ..\obj\core.o
 .comment       0x0000006e       0x6f ..\obj\timer.o
 .comment       0x0000006e       0x6f ..\obj\system_stm32f10x.o
 .comment       0x0000006e       0x6f ..\obj\startup_stm32f10x_hd.o
 .comment       0x0000006e       0x6f ..\obj\task.o
 .comment       0x0000006e       0x6f ..\obj\serviceReq.o
 .comment       0x0000006e       0x6f ..\obj\CoOS App Framework.o
 .comment       0x0000006e       0x6f ..\obj\mbox.o
 .comment       0x0000006e       0x6f ..\obj\time.o
 .comment       0x0000006e       0x6f ..\obj\event.o
 .comment       0x0000006e       0x6f ..\obj\port.o
 .comment       0x0000006e       0x6f ..\obj\queue.o
 .comment       0x0000006e       0x6f ..\obj\flag.o
 .comment       0x0000006e       0x6f ..\obj\arch.o
 .comment       0x0000006e       0x6f ..\obj\sem.o
 .comment       0x0000006e       0x6f ..\obj\hook.o

.ARM.attributes
                0x00000000       0x33
 .ARM.attributes
                0x00000000       0x33 ..\obj\kernelHeap.o
 .ARM.attributes
                0x00000033       0x33 ..\obj\core.o
 .ARM.attributes
                0x00000066       0x33 ..\obj\timer.o
 .ARM.attributes
                0x00000099       0x33 ..\obj\system_stm32f10x.o
 .ARM.attributes
                0x000000cc       0x33 ..\obj\startup_stm32f10x_hd.o
 .ARM.attributes
                0x000000ff       0x33 ..\obj\task.o
 .ARM.attributes
                0x00000132       0x33 ..\obj\serviceReq.o
 .ARM.attributes
                0x00000165       0x33 ..\obj\CoOS App Framework.o
 .ARM.attributes
                0x00000198       0x33 ..\obj\mbox.o
 .ARM.attributes
                0x000001cb       0x33 ..\obj\time.o
 .ARM.attributes
                0x000001fe       0x33 ..\obj\event.o
 .ARM.attributes
                0x00000231       0x33 ..\obj\port.o
 .ARM.attributes
                0x00000264       0x33 ..\obj\queue.o
 .ARM.attributes
                0x00000297       0x33 ..\obj\flag.o
 .ARM.attributes
                0x000002ca       0x33 ..\obj\arch.o
 .ARM.attributes
                0x000002fd       0x33 ..\obj\sem.o
 .ARM.attributes
                0x00000330       0x33 ..\obj\hook.o

.debug_frame    0x00000000      0xee0
 .debug_frame   0x00000000       0xa4 ..\obj\kernelHeap.o
 .debug_frame   0x000000a4       0xf8 ..\obj\core.o
 .debug_frame   0x0000019c      0x178 ..\obj\timer.o
 .debug_frame   0x00000314       0x98 ..\obj\system_stm32f10x.o
 .debug_frame   0x000003ac       0x4c ..\obj\startup_stm32f10x_hd.o
 .debug_frame   0x000003f8      0x1c8 ..\obj\task.o
 .debug_frame   0x000005c0       0x58 ..\obj\serviceReq.o
 .debug_frame   0x00000618       0x8c ..\obj\CoOS App Framework.o
 .debug_frame   0x000006a4       0xe8 ..\obj\mbox.o
 .debug_frame   0x0000078c      0x134 ..\obj\time.o
 .debug_frame   0x000008c0      0x114 ..\obj\event.o
 .debug_frame   0x000009d4       0xd0 ..\obj\port.o
 .debug_frame   0x00000aa4       0xe8 ..\obj\queue.o
 .debug_frame   0x00000b8c      0x1cc ..\obj\flag.o
 .debug_frame   0x00000d58       0x58 ..\obj\arch.o
 .debug_frame   0x00000db0       0xe8 ..\obj\sem.o
 .debug_frame   0x00000e98       0x48 ..\obj\hook.o
